mb_block_hdmi_text_controller_0_0: hdmi_text_controller_v1_0_AXI__GB5, hdmi_text_controller_v1_0_AXI__GB2, hdmi_text_controller_v1_0_AXI__GB6, hdmi_text_controller_v1_0_AXI__GB0, hdmi_text_controller_v1_0_AXI__GB1, hdmi_text_controller_v1_0__GC0, hdmi_tx_v1_0__GC0, clk_wiz_0_clk_wiz__GC0, hdmi_text_controller_v1_0_AXI__GB3, hdmi_text_controller_v1_0_AXI__GB4, 
hdmi_text_controller_v1_0: hdmi_text_controller_v1_0_AXI__GB5, hdmi_text_controller_v1_0_AXI__GB2, hdmi_text_controller_v1_0_AXI__GB6, hdmi_text_controller_v1_0_AXI__GB0, hdmi_text_controller_v1_0_AXI__GB1, hdmi_text_controller_v1_0__GC0, hdmi_tx_v1_0__GC0, clk_wiz_0_clk_wiz__GC0, hdmi_text_controller_v1_0_AXI__GB3, hdmi_text_controller_v1_0_AXI__GB4, 
hdmi_tx_1: hdmi_tx_v1_0__GC0, 
hdmi_tx_v1_0: hdmi_tx_v1_0__GC0, 
clk_wiz_0: clk_wiz_0_clk_wiz__GC0, 
clk_wiz_0_clk_wiz: clk_wiz_0_clk_wiz__GC0, 
hdmi_text_controller_v1_0_AXI: hdmi_text_controller_v1_0_AXI__GB6, hdmi_text_controller_v1_0_AXI__GB5, hdmi_text_controller_v1_0_AXI__GB4, hdmi_text_controller_v1_0_AXI__GB3, hdmi_text_controller_v1_0_AXI__GB2, hdmi_text_controller_v1_0_AXI__GB1, hdmi_text_controller_v1_0_AXI__GB0, 
