20:05:16 **** Incremental Build of project mb_usb_hdmi_top ****
buildplatform.bat 57724 mb_usb_hdmi_top no_domain_build 
xsct% XSDB Server Channel: tcfchan#19
C:/Xilinx/Vitis/2022.2/gnu/microblaze/nt
Building the BSP Library for domain  - standalone_microblaze_0 on processor microblaze_0
make --no-print-directory seq_libs

'Finished building libraries sequentially.'

make -j 2 --no-print-directory par_libs

"Running Make include in microblaze_0/libsrc/bram_v4_8/src"

"Running Make include in microblaze_0/libsrc/cpu_v2_16/src"

make -C microblaze_0/libsrc/bram_v4_8/src -s include  "SHELL=CMD" "COMPILER=mb-gcc" "ASSEMBLER=mb-as" "ARCHIVER=mb-ar" "COMPILE
R_FLAGS=  -O2 -c -mcpu=v11.0 -mlittle-endian -mxl-soft-mul" "EXTRA_COMPILER_FLAGS=-g -ffunction-sections -fdata-sections -Wall 
-Wextra -fno-tree-loop-distribute-patterns"

make -C microblaze_0/libsrc/cpu_v2_16/src -s include  "SHELL=CMD" "COMPILER=mb-gcc" "ASSEMBLER=mb-as" "ARCHIVER=mb-ar" "COMPILE
R_FLAGS=  -O2 -c -mcpu=v11.0 -mlittle-endian -mxl-soft-mul" "EXTRA_COMPILER_FLAGS=-g -ffunction-sections -fdata-sections -Wall 
-Wextra -fno-tree-loop-distribute-patterns"

"Running Make include in microblaze_0/libsrc/gpio_v4_9/src"

make -C microblaze_0/libsrc/gpio_v4_9/src -s include  "SHELL=CMD" "COMPILER=mb-gcc" "ASSEMBLER=mb-as" "ARCHIVER=mb-ar" "COMPILE
R_FLAGS=  -O2 -c -mcpu=v11.0 -mlittle-endian -mxl-soft-mul" "EXTRA_COMPILER_FLAGS=-g -ffunction-sections -fdata-sections -Wall 
-Wextra -fno-tree-loop-distribute-patterns"

"Running Make include in microblaze_0/libsrc/intc_v3_15/src"

make -C microblaze_0/libsrc/intc_v3_15/src -s include  "SHELL=CMD" "COMPILER=mb-gcc" "ASSEMBLER=mb-as" "ARCHIVER=mb-ar" "COMPIL
ER_FLAGS=  -O2 -c -mcpu=v11.0 -mlittle-endian -mxl-soft-mul" "EXTRA_COMPILER_FLAGS=-g -ffunction-sections -fdata-sections -Wall
 -Wextra -fno-tree-loop-distribute-patterns"

"Running Make include in microblaze_0/libsrc/spi_v4_9/src"

make -C microblaze_0/libsrc/spi_v4_9/src -s include  "SHELL=CMD" "COMPILER=mb-gcc" "ASSEMBLER=mb-as" "ARCHIVER=mb-ar" "COMPILER
_FLAGS=  -O2 -c -mcpu=v11.0 -mlittle-endian -mxl-soft-mul" "EXTRA_COMPILER_FLAGS=-g -ffunction-sections -fdata-sections -Wall -
Wextra -fno-tree-loop-distribute-patterns"

"Running Make include in microblaze_0/libsrc/standalone_v8_0/src"

make -C microblaze_0/libsrc/standalone_v8_0/src -s include  "SHELL=CMD" "COMPILER=mb-gcc" "ASSEMBLER=mb-as" "ARCHIVER=mb-ar" "C
OMPILER_FLAGS=  -O2 -c -mcpu=v11.0 -mlittle-endian -mxl-soft-mul" "EXTRA_COMPILER_FLAGS=-g -ffunction-sections -fdata-sections 
-Wall -Wextra -fno-tree-loop-distribute-patterns"

"Running Make include in microblaze_0/libsrc/tmrctr_v4_9/src"

make -C microblaze_0/libsrc/tmrctr_v4_9/src -s include  "SHELL=CMD" "COMPILER=mb-gcc" "ASSEMBLER=mb-as" "ARCHIVER=mb-ar" "COMPI
LER_FLAGS=  -O2 -c -mcpu=v11.0 -mlittle-endian -mxl-soft-mul" "EXTRA_COMPILER_FLAGS=-g -ffunction-sections -fdata-sections -Wal
l -Wextra -fno-tree-loop-distribute-patterns"

"Running Make include in microblaze_0/libsrc/uartlite_v3_7/src"

make -C microblaze_0/libsrc/uartlite_v3_7/src -s include  "SHELL=CMD" "COMPILER=mb-gcc" "ASSEMBLER=mb-as" "ARCHIVER=mb-ar" "COM
PILER_FLAGS=  -O2 -c -mcpu=v11.0 -mlittle-endian -mxl-soft-mul" "EXTRA_COMPILER_FLAGS=-g -ffunction-sections -fdata-sections -W
all -Wextra -fno-tree-loop-distribute-patterns"

"Running Make libs in microblaze_0/libsrc/bram_v4_8/src"

make -C microblaze_0/libsrc/bram_v4_8/src -s libs  "SHELL=CMD" "COMPILER=mb-gcc" "ASSEMBLER=mb-as" "ARCHIVER=mb-ar" "COMPILER_F
LAGS=  -O2 -c -mcpu=v11.0 -mlittle-endian -mxl-soft-mul" "EXTRA_COMPILER_FLAGS=-g -ffunction-sections -fdata-sections -Wall -We
xtra -fno-tree-loop-distribute-patterns"

"Running Make libs in microblaze_0/libsrc/cpu_v2_16/src"

make -C microblaze_0/libsrc/cpu_v2_16/src -s libs  "SHELL=CMD" "COMPILER=mb-gcc" "ASSEMBLER=mb-as" "ARCHIVER=mb-ar" "COMPILER_F
LAGS=  -O2 -c -mcpu=v11.0 -mlittle-endian -mxl-soft-mul" "EXTRA_COMPILER_FLAGS=-g -ffunction-sections -fdata-sections -Wall -We
xtra -fno-tree-loop-distribute-patterns"

"Running Make libs in microblaze_0/libsrc/gpio_v4_9/src"

make -C microblaze_0/libsrc/gpio_v4_9/src -s libs  "SHELL=CMD" "COMPILER=mb-gcc" "ASSEMBLER=mb-as" "ARCHIVER=mb-ar" "COMPILER_F
LAGS=  -O2 -c -mcpu=v11.0 -mlittle-endian -mxl-soft-mul" "EXTRA_COMPILER_FLAGS=-g -ffunction-sections -fdata-sections -Wall -We
xtra -fno-tree-loop-distribute-patterns"

"Running Make libs in microblaze_0/libsrc/intc_v3_15/src"

make -C microblaze_0/libsrc/intc_v3_15/src -s libs  "SHELL=CMD" "COMPILER=mb-gcc" "ASSEMBLER=mb-as" "ARCHIVER=mb-ar" "COMPILER_
FLAGS=  -O2 -c -mcpu=v11.0 -mlittle-endian -mxl-soft-mul" "EXTRA_COMPILER_FLAGS=-g -ffunction-sections -fdata-sections -Wall -W
extra -fno-tree-loop-distribute-patterns"

"Running Make libs in microblaze_0/libsrc/spi_v4_9/src"

make -C microblaze_0/libsrc/spi_v4_9/src -s libs  "SHELL=CMD" "COMPILER=mb-gcc" "ASSEMBLER=mb-as" "ARCHIVER=mb-ar" "COMPILER_FL
AGS=  -O2 -c -mcpu=v11.0 -mlittle-endian -mxl-soft-mul" "EXTRA_COMPILER_FLAGS=-g -ffunction-sections -fdata-sections -Wall -Wex
tra -fno-tree-loop-distribute-patterns"

"Running Make libs in microblaze_0/libsrc/standalone_v8_0/src"

make -C microblaze_0/libsrc/standalone_v8_0/src -s libs  "SHELL=CMD" "COMPILER=mb-gcc" "ASSEMBLER=mb-as" "ARCHIVER=mb-ar" "COMP
ILER_FLAGS=  -O2 -c -mcpu=v11.0 -mlittle-endian -mxl-soft-mul" "EXTRA_COMPILER_FLAGS=-g -ffunction-sections -fdata-sections -Wa
ll -Wextra -fno-tree-loop-distribute-patterns"

"Running Make libs in microblaze_0/libsrc/tmrctr_v4_9/src"

make -C microblaze_0/libsrc/tmrctr_v4_9/src -s libs  "SHELL=CMD" "COMPILER=mb-gcc" "ASSEMBLER=mb-as" "ARCHIVER=mb-ar" "COMPILER
_FLAGS=  -O2 -c -mcpu=v11.0 -mlittle-endian -mxl-soft-mul" "EXTRA_COMPILER_FLAGS=-g -ffunction-sections -fdata-sections -Wall -
Wextra -fno-tree-loop-distribute-patterns"

"Running Make libs in microblaze_0/libsrc/uartlite_v3_7/src"

make -C microblaze_0/libsrc/uartlite_v3_7/src -s libs  "SHELL=CMD" "COMPILER=mb-gcc" "ASSEMBLER=mb-as" "ARCHIVER=mb-ar" "COMPIL
ER_FLAGS=  -O2 -c -mcpu=v11.0 -mlittle-endian -mxl-soft-mul" "EXTRA_COMPILER_FLAGS=-g -ffunction-sections -fdata-sections -Wall
 -Wextra -fno-tree-loop-distribute-patterns"

microblaze_sleep.c:81:9: note: '#pragma message: For the sleep routines, assembly instructions are used'
   81 | #pragma message ("For the sleep routines, assembly instructions are used")
      |         ^~~~~~~
"DEBUG NON_LTO_OBJECTS is ../../../lib/microblaze_interrupt_handler.o"

'Finished building libraries parallelly.'

make --no-print-directory archive

mb-ar -r  microblaze_0/lib/libxil.a microblaze_0/lib/_exit.o microblaze_0/lib/errno.o microblaze_0/lib/fcntl.o microblaze_0/lib
/hw_exception_handler.o microblaze_0/lib/inbyte.o microblaze_0/lib/microblaze_disable_dcache.o microblaze_0/lib/microblaze_disa
ble_exceptions.o microblaze_0/lib/microblaze_disable_icache.o microblaze_0/lib/microblaze_disable_interrupts.o microblaze_0/lib
/microblaze_enable_dcache.o microblaze_0/lib/microblaze_enable_exceptions.o microblaze_0/lib/microblaze_enable_icache.o microbl
aze_0/lib/microblaze_enable_interrupts.o microblaze_0/lib/microblaze_exception_handler.o microblaze_0/lib/microblaze_flush_cach
e_ext.o microblaze_0/lib/microblaze_flush_cache_ext_range.o microblaze_0/lib/microblaze_flush_dcache.o microblaze_0/lib/microbl
aze_flush_dcache_range.o microblaze_0/lib/microblaze_init_dcache_range.o microblaze_0/lib/microblaze_init_icache_range.o microb
laze_0/lib/microblaze_interrupt_handler.o microblaze_0/lib/microblaze_interrupts_g.o microblaze_0/lib/microblaze_invalidate_cac
he_ext.o microblaze_0/lib/microblaze_invalidate_cache_ext_range.o microblaze_0/lib/microblaze_invalidate_dcache.o microblaze_0/
lib/microblaze_invalidate_dcache_range.o microblaze_0/lib/microblaze_invalidate_icache.o microblaze_0/lib/microblaze_invalidate
_icache_range.o microblaze_0/lib/microblaze_scrub.o microblaze_0/lib/microblaze_selftest.o microblaze_0/lib/microblaze_sleep.o 
microblaze_0/lib/microblaze_update_dcache.o microblaze_0/lib/microblaze_update_icache.o microblaze_0/lib/outbyte.o microblaze_0
/lib/print.o microblaze_0/lib/pvr.o microblaze_0/lib/xbram.o microblaze_0/lib/xbram_g.o microblaze_0/lib/xbram_intr.o microblaz
e_0/lib/xbram_selftest.o microblaze_0/lib/xbram_sinit.o microblaze_0/lib/xgpio.o microblaze_0/lib/xgpio_extra.o microblaze_0/li
b/xgpio_g.o microblaze_0/lib/xgpio_intr.o microblaze_0/lib/xgpio_selftest.o microblaze_0/lib/xgpio_sinit.o microblaze_0/lib/xil
_assert.o microblaze_0/lib/xil_cache.o microblaze_0/lib/xil_clocking.o microblaze_0/lib/xil_exception.o microblaze_0/lib/xil_me
m.o microblaze_0/lib/xil_misc_psreset_api.o microblaze_0/lib/xil_printf.o microblaze_0/lib/xil_sleepcommon.o microblaze_0/lib/x
il_testcache.o microblaze_0/lib/xil_testio.o microblaze_0/lib/xil_testmem.o microblaze_0/lib/xil_util.o microblaze_0/lib/xintc.
o microblaze_0/lib/xintc_g.o microblaze_0/lib/xintc_intr.o microblaze_0/lib/xintc_l.o microblaze_0/lib/xintc_options.o microbla
ze_0/lib/xintc_selftest.o microblaze_0/lib/xinterrupt_wrap.o microblaze_0/lib/xio.o microblaze_0/lib/xplatform_info.o microblaz
e_0/lib/xspi.o microblaze_0/lib/xspi_g.o microblaze_0/lib/xspi_options.o microblaze_0/lib/xspi_selftest.o microblaze_0/lib/xspi
_sinit.o microblaze_0/lib/xspi_stats.o microblaze_0/lib/xtmrctr.o microblaze_0/lib/xtmrctr_g.o microblaze_0/lib/xtmrctr_intr.o 
microblaze_0/lib/xtmrctr_l.o microblaze_0/lib/xtmrctr_options.o microblaze_0/lib/xtmrctr_selftest.o microblaze_0/lib/xtmrctr_si
nit.o microblaze_0/lib/xtmrctr_stats.o microblaze_0/lib/xuartlite.o microblaze_0/lib/xuartlite_g.o microblaze_0/lib/xuartlite_i
ntr.o microblaze_0/lib/xuartlite_l.o microblaze_0/lib/xuartlite_selftest.o microblaze_0/lib/xuartlite_sinit.o microblaze_0/lib/
xuartlite_stats.o

mb-ar: creating microblaze_0/lib/libxil.a
'Finished building libraries'

20:05:33 **** Incremental Build of configuration Debug for project mb_usb ****
make all 
'Building file: ../src/lw_usb/MAX3421E.c'
'Invoking: MicroBlaze gcc compiler'
mb-gcc -Wall -O0 -g3 -c -fmessage-length=0 -MT"src/lw_usb/MAX3421E.o" -IC:/Users/yunxuan5/lab6_1/workspace_2/mb_usb_hdmi_top/export/mb_usb_hdmi_top/sw/mb_usb_hdmi_top/standalone_microblaze_0/bspinclude/include -mlittle-endian -mcpu=v11.0 -mxl-soft-mul -Wl,--no-relax -ffunction-sections -fdata-sections -MMD -MP -MF"src/lw_usb/MAX3421E.d" -MT"src/lw_usb/MAX3421E.o" -o "src/lw_usb/MAX3421E.o" "../src/lw_usb/MAX3421E.c"
In file included from C:/Users/yunxuan5/lab6_1/workspace_2/mb_usb_hdmi_top/export/mb_usb_hdmi_top/sw/mb_usb_hdmi_top/standalone_microblaze_0/bspinclude/include/xspi.h:303,
                 from ../src/lw_usb/MAX3421E.c:14:
../src/lw_usb/MAX3421E.c: In function 'SPI_init':
C:/Users/yunxuan5/lab6_1/workspace_2/mb_usb_hdmi_top/export/mb_usb_hdmi_top/sw/mb_usb_hdmi_top/standalone_microblaze_0/bspinclude/include/xstatus.h:44:41: warning: 'return' with a value, in function returning void [-Wreturn-type]
   44 | #define XST_DEVICE_NOT_FOUND            2L
      |                                         ^~
../src/lw_usb/MAX3421E.c:39:24: note: in expansion of macro 'XST_DEVICE_NOT_FOUND'
   39 |                 return XST_DEVICE_NOT_FOUND;
      |                        ^~~~~~~~~~~~~~~~~~~~
../src/lw_usb/MAX3421E.c:33:6: note: declared here
   33 | void SPI_init() {
      |      ^~~~~~~~
In file included from C:/Users/yunxuan5/lab6_1/workspace_2/mb_usb_hdmi_top/export/mb_usb_hdmi_top/sw/mb_usb_hdmi_top/standalone_microblaze_0/bspinclude/include/xspi.h:303,
                 from ../src/lw_usb/MAX3421E.c:14:
C:/Users/yunxuan5/lab6_1/workspace_2/mb_usb_hdmi_top/export/mb_usb_hdmi_top/sw/mb_usb_hdmi_top/standalone_microblaze_0/bspinclude/include/xstatus.h:43:41: warning: 'return' with a value, in function returning void [-Wreturn-type]
   43 | #define XST_FAILURE                     1L
      |                                         ^~
../src/lw_usb/MAX3421E.c:45:24: note: in expansion of macro 'XST_FAILURE'
   45 |                 return XST_FAILURE;
      |                        ^~~~~~~~~~~
../src/lw_usb/MAX3421E.c:33:6: note: declared here
   33 | void SPI_init() {
      |      ^~~~~~~~
../src/lw_usb/MAX3421E.c: In function 'MAX3421E_Task':
../src/lw_usb/MAX3421E.c:326:46: warning: suggest parentheses around comparison in operand of '&' [-Wparentheses]
  326 |         if (XGpio_DiscreteRead(&Gpio_int, 1) & 0x01 == 0) {
      |                                              ^
../src/lw_usb/MAX3421E.c: In function 'MaxGpxHandler':
../src/lw_usb/MAX3421E.c:362:14: warning: variable 'GPINIRQ' set but not used [-Wunused-but-set-variable]
  362 |         BYTE GPINIRQ;
      |              ^~~~~~~
'Finished building: ../src/lw_usb/MAX3421E.c'
' '
'Building file: ../src/lw_usb/transfer.c'
'Invoking: MicroBlaze gcc compiler'
mb-gcc -Wall -O0 -g3 -c -fmessage-length=0 -MT"src/lw_usb/transfer.o" -IC:/Users/yunxuan5/lab6_1/workspace_2/mb_usb_hdmi_top/export/mb_usb_hdmi_top/sw/mb_usb_hdmi_top/standalone_microblaze_0/bspinclude/include -mlittle-endian -mcpu=v11.0 -mxl-soft-mul -Wl,--no-relax -ffunction-sections -fdata-sections -MMD -MP -MF"src/lw_usb/transfer.d" -MT"src/lw_usb/transfer.o" -o "src/lw_usb/transfer.o" "../src/lw_usb/transfer.c"
../src/lw_usb/transfer.c:13:1: warning: braces around scalar initializer
   13 | EP_RECORD dev0ep = {{ 0 }};         //Endpoint data structure for uninitialized device during enumeration
      | ^~~~~~~~~
../src/lw_usb/transfer.c:13:1: note: (near initialization for 'dev0ep.epAddr')
../src/lw_usb/transfer.c: In function 'XferInTransfer':
../src/lw_usb/transfer.c:199:7: warning: unused variable 'tmpbyte' [-Wunused-variable]
  199 |  BYTE tmpbyte;
      |       ^~~~~~~
../src/lw_usb/transfer.c:198:7: warning: unused variable 'i' [-Wunused-variable]
  198 |  BYTE i;
      |       ^
'Finished building: ../src/lw_usb/transfer.c'
' '
'Building file: ../src/lw_usb_main.c'
'Invoking: MicroBlaze gcc compiler'
mb-gcc -Wall -O0 -g3 -c -fmessage-length=0 -MT"src/lw_usb_main.o" -IC:/Users/yunxuan5/lab6_1/workspace_2/mb_usb_hdmi_top/export/mb_usb_hdmi_top/sw/mb_usb_hdmi_top/standalone_microblaze_0/bspinclude/include -mlittle-endian -mcpu=v11.0 -mxl-soft-mul -Wl,--no-relax -ffunction-sections -fdata-sections -MMD -MP -MF"src/lw_usb_main.d" -MT"src/lw_usb_main.o" -o "src/lw_usb_main.o" "../src/lw_usb_main.c"
'Finished building: ../src/lw_usb_main.c'
' '
'Building file: ../src/platform.c'
'Invoking: MicroBlaze gcc compiler'
mb-gcc -Wall -O0 -g3 -c -fmessage-length=0 -MT"src/platform.o" -IC:/Users/yunxuan5/lab6_1/workspace_2/mb_usb_hdmi_top/export/mb_usb_hdmi_top/sw/mb_usb_hdmi_top/standalone_microblaze_0/bspinclude/include -mlittle-endian -mcpu=v11.0 -mxl-soft-mul -Wl,--no-relax -ffunction-sections -fdata-sections -MMD -MP -MF"src/platform.d" -MT"src/platform.o" -o "src/platform.o" "../src/platform.c"
'Finished building: ../src/platform.c'
' '
'Building target: mb_usb.elf'
'Invoking: MicroBlaze gcc linker'
mb-gcc -Wl,-T -Wl,../src/lscript.ld -LC:/Users/yunxuan5/lab6_1/workspace_2/mb_usb_hdmi_top/export/mb_usb_hdmi_top/sw/mb_usb_hdmi_top/standalone_microblaze_0/bsplib/lib -mlittle-endian -mcpu=v11.0 -mxl-soft-mul -Wl,--no-relax -Wl,--gc-sections -o "mb_usb.elf"  ./src/lw_usb/HID.o ./src/lw_usb/MAX3421E.o ./src/lw_usb/transfer.o  ./src/lw_usb_main.o ./src/platform.o   -Wl,--start-group,-lxil,-lgcc,-lc,--end-group
'Finished building target: mb_usb.elf'
' '
'Invoking: MicroBlaze Print Size'
mb-size mb_usb.elf  |tee "mb_usb.elf.size"
   text	   data	    bss	    dec	    hex	filename
  26240	    488	   3672	  30400	   76c0	mb_usb.elf
'Finished building: mb_usb.elf.size'
' '
20:05:36 **** Incremental Build of configuration Debug for project mb_usb_system ****
make all 
Skipping SD card image generation. Reason: "The system project only has applications for microblaze processors."
20:18:01 **** Incremental Build of project mb_usb_hdmi_top ****
buildplatform.bat 57724 mb_usb_hdmi_top no_domain_build 
xsct% XSDB Server Channel: tcfchan#22
C:/Xilinx/Vitis/2022.2/gnu/microblaze/nt
Building the BSP Library for domain  - standalone_microblaze_0 on processor microblaze_0
make --no-print-directory seq_libs

'Finished building libraries sequentially.'

make -j 2 --no-print-directory par_libs

"Running Make include in microblaze_0/libsrc/bram_v4_8/src"

make -C microblaze_0/libsrc/bram_v4_8/src -s include  "SHELL=CMD" "COMPILER=mb-gcc" "ASSEMBLER=mb-as" "ARCHIVER=mb-ar" "COMPILE
R_FLAGS=  -O2 -c -mcpu=v11.0 -mlittle-endian -mxl-soft-mul" "EXTRA_COMPILER_FLAGS=-g -ffunction-sections -fdata-sections -Wall 
-Wextra -fno-tree-loop-distribute-patterns"

"Running Make include in microblaze_0/libsrc/cpu_v2_16/src"

make -C microblaze_0/libsrc/cpu_v2_16/src -s include  "SHELL=CMD" "COMPILER=mb-gcc" "ASSEMBLER=mb-as" "ARCHIVER=mb-ar" "COMPILE
R_FLAGS=  -O2 -c -mcpu=v11.0 -mlittle-endian -mxl-soft-mul" "EXTRA_COMPILER_FLAGS=-g -ffunction-sections -fdata-sections -Wall 
-Wextra -fno-tree-loop-distribute-patterns"

"Running Make include in microblaze_0/libsrc/gpio_v4_9/src"

make -C microblaze_0/libsrc/gpio_v4_9/src -s include  "SHELL=CMD" "COMPILER=mb-gcc" "ASSEMBLER=mb-as" "ARCHIVER=mb-ar" "COMPILE
R_FLAGS=  -O2 -c -mcpu=v11.0 -mlittle-endian -mxl-soft-mul" "EXTRA_COMPILER_FLAGS=-g -ffunction-sections -fdata-sections -Wall 
-Wextra -fno-tree-loop-distribute-patterns"

"Running Make include in microblaze_0/libsrc/intc_v3_15/src"

make -C microblaze_0/libsrc/intc_v3_15/src -s include  "SHELL=CMD" "COMPILER=mb-gcc" "ASSEMBLER=mb-as" "ARCHIVER=mb-ar" "COMPIL
ER_FLAGS=  -O2 -c -mcpu=v11.0 -mlittle-endian -mxl-soft-mul" "EXTRA_COMPILER_FLAGS=-g -ffunction-sections -fdata-sections -Wall
 -Wextra -fno-tree-loop-distribute-patterns"

"Running Make include in microblaze_0/libsrc/spi_v4_9/src"

make -C microblaze_0/libsrc/spi_v4_9/src -s include  "SHELL=CMD" "COMPILER=mb-gcc" "ASSEMBLER=mb-as" "ARCHIVER=mb-ar" "COMPILER
_FLAGS=  -O2 -c -mcpu=v11.0 -mlittle-endian -mxl-soft-mul" "EXTRA_COMPILER_FLAGS=-g -ffunction-sections -fdata-sections -Wall -
Wextra -fno-tree-loop-distribute-patterns"

"Running Make include in microblaze_0/libsrc/standalone_v8_0/src"

make -C microblaze_0/libsrc/standalone_v8_0/src -s include  "SHELL=CMD" "COMPILER=mb-gcc" "ASSEMBLER=mb-as" "ARCHIVER=mb-ar" "C
OMPILER_FLAGS=  -O2 -c -mcpu=v11.0 -mlittle-endian -mxl-soft-mul" "EXTRA_COMPILER_FLAGS=-g -ffunction-sections -fdata-sections 
-Wall -Wextra -fno-tree-loop-distribute-patterns"

"Running Make include in microblaze_0/libsrc/tmrctr_v4_9/src"

make -C microblaze_0/libsrc/tmrctr_v4_9/src -s include  "SHELL=CMD" "COMPILER=mb-gcc" "ASSEMBLER=mb-as" "ARCHIVER=mb-ar" "COMPI
LER_FLAGS=  -O2 -c -mcpu=v11.0 -mlittle-endian -mxl-soft-mul" "EXTRA_COMPILER_FLAGS=-g -ffunction-sections -fdata-sections -Wal
l -Wextra -fno-tree-loop-distribute-patterns"

"Running Make include in microblaze_0/libsrc/uartlite_v3_7/src"

make -C microblaze_0/libsrc/uartlite_v3_7/src -s include  "SHELL=CMD" "COMPILER=mb-gcc" "ASSEMBLER=mb-as" "ARCHIVER=mb-ar" "COM
PILER_FLAGS=  -O2 -c -mcpu=v11.0 -mlittle-endian -mxl-soft-mul" "EXTRA_COMPILER_FLAGS=-g -ffunction-sections -fdata-sections -W
all -Wextra -fno-tree-loop-distribute-patterns"

"Running Make libs in microblaze_0/libsrc/bram_v4_8/src"

make -C microblaze_0/libsrc/bram_v4_8/src -s libs  "SHELL=CMD" "COMPILER=mb-gcc" "ASSEMBLER=mb-as" "ARCHIVER=mb-ar" "COMPILER_F
LAGS=  -O2 -c -mcpu=v11.0 -mlittle-endian -mxl-soft-mul" "EXTRA_COMPILER_FLAGS=-g -ffunction-sections -fdata-sections -Wall -We
xtra -fno-tree-loop-distribute-patterns"

"Running Make libs in microblaze_0/libsrc/cpu_v2_16/src"

make -C microblaze_0/libsrc/cpu_v2_16/src -s libs  "SHELL=CMD" "COMPILER=mb-gcc" "ASSEMBLER=mb-as" "ARCHIVER=mb-ar" "COMPILER_F
LAGS=  -O2 -c -mcpu=v11.0 -mlittle-endian -mxl-soft-mul" "EXTRA_COMPILER_FLAGS=-g -ffunction-sections -fdata-sections -Wall -We
xtra -fno-tree-loop-distribute-patterns"

"Running Make libs in microblaze_0/libsrc/gpio_v4_9/src"

make -C microblaze_0/libsrc/gpio_v4_9/src -s libs  "SHELL=CMD" "COMPILER=mb-gcc" "ASSEMBLER=mb-as" "ARCHIVER=mb-ar" "COMPILER_F
LAGS=  -O2 -c -mcpu=v11.0 -mlittle-endian -mxl-soft-mul" "EXTRA_COMPILER_FLAGS=-g -ffunction-sections -fdata-sections -Wall -We
xtra -fno-tree-loop-distribute-patterns"

"Running Make libs in microblaze_0/libsrc/intc_v3_15/src"

make -C microblaze_0/libsrc/intc_v3_15/src -s libs  "SHELL=CMD" "COMPILER=mb-gcc" "ASSEMBLER=mb-as" "ARCHIVER=mb-ar" "COMPILER_
FLAGS=  -O2 -c -mcpu=v11.0 -mlittle-endian -mxl-soft-mul" "EXTRA_COMPILER_FLAGS=-g -ffunction-sections -fdata-sections -Wall -W
extra -fno-tree-loop-distribute-patterns"

"Running Make libs in microblaze_0/libsrc/spi_v4_9/src"

make -C microblaze_0/libsrc/spi_v4_9/src -s libs  "SHELL=CMD" "COMPILER=mb-gcc" "ASSEMBLER=mb-as" "ARCHIVER=mb-ar" "COMPILER_FL
AGS=  -O2 -c -mcpu=v11.0 -mlittle-endian -mxl-soft-mul" "EXTRA_COMPILER_FLAGS=-g -ffunction-sections -fdata-sections -Wall -Wex
tra -fno-tree-loop-distribute-patterns"

"Running Make libs in microblaze_0/libsrc/standalone_v8_0/src"

make -C microblaze_0/libsrc/standalone_v8_0/src -s libs  "SHELL=CMD" "COMPILER=mb-gcc" "ASSEMBLER=mb-as" "ARCHIVER=mb-ar" "COMP
ILER_FLAGS=  -O2 -c -mcpu=v11.0 -mlittle-endian -mxl-soft-mul" "EXTRA_COMPILER_FLAGS=-g -ffunction-sections -fdata-sections -Wa
ll -Wextra -fno-tree-loop-distribute-patterns"

"Running Make libs in microblaze_0/libsrc/tmrctr_v4_9/src"

make -C microblaze_0/libsrc/tmrctr_v4_9/src -s libs  "SHELL=CMD" "COMPILER=mb-gcc" "ASSEMBLER=mb-as" "ARCHIVER=mb-ar" "COMPILER
_FLAGS=  -O2 -c -mcpu=v11.0 -mlittle-endian -mxl-soft-mul" "EXTRA_COMPILER_FLAGS=-g -ffunction-sections -fdata-sections -Wall -
Wextra -fno-tree-loop-distribute-patterns"

"Running Make libs in microblaze_0/libsrc/uartlite_v3_7/src"

make -C microblaze_0/libsrc/uartlite_v3_7/src -s libs  "SHELL=CMD" "COMPILER=mb-gcc" "ASSEMBLER=mb-as" "ARCHIVER=mb-ar" "COMPIL
ER_FLAGS=  -O2 -c -mcpu=v11.0 -mlittle-endian -mxl-soft-mul" "EXTRA_COMPILER_FLAGS=-g -ffunction-sections -fdata-sections -Wall
 -Wextra -fno-tree-loop-distribute-patterns"

microblaze_sleep.c:81:9: note: '#pragma message: For the sleep routines, assembly instructions are used'
   81 | #pragma message ("For the sleep routines, assembly instructions are used")
      |         ^~~~~~~
"DEBUG NON_LTO_OBJECTS is ../../../lib/microblaze_interrupt_handler.o"

'Finished building libraries parallelly.'

make --no-print-directory archive

mb-ar -r  microblaze_0/lib/libxil.a microblaze_0/lib/_exit.o microblaze_0/lib/errno.o microblaze_0/lib/fcntl.o microblaze_0/lib
/hw_exception_handler.o microblaze_0/lib/inbyte.o microblaze_0/lib/microblaze_disable_dcache.o microblaze_0/lib/microblaze_disa
ble_exceptions.o microblaze_0/lib/microblaze_disable_icache.o microblaze_0/lib/microblaze_disable_interrupts.o microblaze_0/lib
/microblaze_enable_dcache.o microblaze_0/lib/microblaze_enable_exceptions.o microblaze_0/lib/microblaze_enable_icache.o microbl
aze_0/lib/microblaze_enable_interrupts.o microblaze_0/lib/microblaze_exception_handler.o microblaze_0/lib/microblaze_flush_cach
e_ext.o microblaze_0/lib/microblaze_flush_cache_ext_range.o microblaze_0/lib/microblaze_flush_dcache.o microblaze_0/lib/microbl
aze_flush_dcache_range.o microblaze_0/lib/microblaze_init_dcache_range.o microblaze_0/lib/microblaze_init_icache_range.o microb
laze_0/lib/microblaze_interrupt_handler.o microblaze_0/lib/microblaze_interrupts_g.o microblaze_0/lib/microblaze_invalidate_cac
he_ext.o microblaze_0/lib/microblaze_invalidate_cache_ext_range.o microblaze_0/lib/microblaze_invalidate_dcache.o microblaze_0/
lib/microblaze_invalidate_dcache_range.o microblaze_0/lib/microblaze_invalidate_icache.o microblaze_0/lib/microblaze_invalidate
_icache_range.o microblaze_0/lib/microblaze_scrub.o microblaze_0/lib/microblaze_selftest.o microblaze_0/lib/microblaze_sleep.o 
microblaze_0/lib/microblaze_update_dcache.o microblaze_0/lib/microblaze_update_icache.o microblaze_0/lib/outbyte.o microblaze_0
/lib/print.o microblaze_0/lib/pvr.o microblaze_0/lib/xbram.o microblaze_0/lib/xbram_g.o microblaze_0/lib/xbram_intr.o microblaz
e_0/lib/xbram_selftest.o microblaze_0/lib/xbram_sinit.o microblaze_0/lib/xgpio.o microblaze_0/lib/xgpio_extra.o microblaze_0/li
b/xgpio_g.o microblaze_0/lib/xgpio_intr.o microblaze_0/lib/xgpio_selftest.o microblaze_0/lib/xgpio_sinit.o microblaze_0/lib/xil
_assert.o microblaze_0/lib/xil_cache.o microblaze_0/lib/xil_clocking.o microblaze_0/lib/xil_exception.o microblaze_0/lib/xil_me
m.o microblaze_0/lib/xil_misc_psreset_api.o microblaze_0/lib/xil_printf.o microblaze_0/lib/xil_sleepcommon.o microblaze_0/lib/x
il_testcache.o microblaze_0/lib/xil_testio.o microblaze_0/lib/xil_testmem.o microblaze_0/lib/xil_util.o microblaze_0/lib/xintc.
o microblaze_0/lib/xintc_g.o microblaze_0/lib/xintc_intr.o microblaze_0/lib/xintc_l.o microblaze_0/lib/xintc_options.o microbla
ze_0/lib/xintc_selftest.o microblaze_0/lib/xinterrupt_wrap.o microblaze_0/lib/xio.o microblaze_0/lib/xplatform_info.o microblaz
e_0/lib/xspi.o microblaze_0/lib/xspi_g.o microblaze_0/lib/xspi_options.o microblaze_0/lib/xspi_selftest.o microblaze_0/lib/xspi
_sinit.o microblaze_0/lib/xspi_stats.o microblaze_0/lib/xtmrctr.o microblaze_0/lib/xtmrctr_g.o microblaze_0/lib/xtmrctr_intr.o 
microblaze_0/lib/xtmrctr_l.o microblaze_0/lib/xtmrctr_options.o microblaze_0/lib/xtmrctr_selftest.o microblaze_0/lib/xtmrctr_si
nit.o microblaze_0/lib/xtmrctr_stats.o microblaze_0/lib/xuartlite.o microblaze_0/lib/xuartlite_g.o microblaze_0/lib/xuartlite_i
ntr.o microblaze_0/lib/xuartlite_l.o microblaze_0/lib/xuartlite_selftest.o microblaze_0/lib/xuartlite_sinit.o microblaze_0/lib/
xuartlite_stats.o

mb-ar: creating microblaze_0/lib/libxil.a
'Finished building libraries'

20:18:18 **** Incremental Build of configuration Debug for project mb_usb ****
make all 
'Building file: ../src/lw_usb/MAX3421E.c'
'Invoking: MicroBlaze gcc compiler'
mb-gcc -Wall -O0 -g3 -c -fmessage-length=0 -MT"src/lw_usb/MAX3421E.o" -IC:/Users/yunxuan5/lab6_1/workspace_2/mb_usb_hdmi_top/export/mb_usb_hdmi_top/sw/mb_usb_hdmi_top/standalone_microblaze_0/bspinclude/include -mlittle-endian -mcpu=v11.0 -mxl-soft-mul -Wl,--no-relax -ffunction-sections -fdata-sections -MMD -MP -MF"src/lw_usb/MAX3421E.d" -MT"src/lw_usb/MAX3421E.o" -o "src/lw_usb/MAX3421E.o" "../src/lw_usb/MAX3421E.c"
In file included from C:/Users/yunxuan5/lab6_1/workspace_2/mb_usb_hdmi_top/export/mb_usb_hdmi_top/sw/mb_usb_hdmi_top/standalone_microblaze_0/bspinclude/include/xspi.h:303,
                 from ../src/lw_usb/MAX3421E.c:14:
../src/lw_usb/MAX3421E.c: In function 'SPI_init':
C:/Users/yunxuan5/lab6_1/workspace_2/mb_usb_hdmi_top/export/mb_usb_hdmi_top/sw/mb_usb_hdmi_top/standalone_microblaze_0/bspinclude/include/xstatus.h:44:41: warning: 'return' with a value, in function returning void [-Wreturn-type]
   44 | #define XST_DEVICE_NOT_FOUND            2L
      |                                         ^~
../src/lw_usb/MAX3421E.c:39:24: note: in expansion of macro 'XST_DEVICE_NOT_FOUND'
   39 |                 return XST_DEVICE_NOT_FOUND;
      |                        ^~~~~~~~~~~~~~~~~~~~
../src/lw_usb/MAX3421E.c:33:6: note: declared here
   33 | void SPI_init() {
      |      ^~~~~~~~
In file included from C:/Users/yunxuan5/lab6_1/workspace_2/mb_usb_hdmi_top/export/mb_usb_hdmi_top/sw/mb_usb_hdmi_top/standalone_microblaze_0/bspinclude/include/xspi.h:303,
                 from ../src/lw_usb/MAX3421E.c:14:
C:/Users/yunxuan5/lab6_1/workspace_2/mb_usb_hdmi_top/export/mb_usb_hdmi_top/sw/mb_usb_hdmi_top/standalone_microblaze_0/bspinclude/include/xstatus.h:43:41: warning: 'return' with a value, in function returning void [-Wreturn-type]
   43 | #define XST_FAILURE                     1L
      |                                         ^~
../src/lw_usb/MAX3421E.c:45:24: note: in expansion of macro 'XST_FAILURE'
   45 |                 return XST_FAILURE;
      |                        ^~~~~~~~~~~
../src/lw_usb/MAX3421E.c:33:6: note: declared here
   33 | void SPI_init() {
      |      ^~~~~~~~
../src/lw_usb/MAX3421E.c: In function 'MAX3421E_Task':
../src/lw_usb/MAX3421E.c:326:46: warning: suggest parentheses around comparison in operand of '&' [-Wparentheses]
  326 |         if (XGpio_DiscreteRead(&Gpio_int, 1) & 0x01 == 0) {
      |                                              ^
../src/lw_usb/MAX3421E.c: In function 'MaxGpxHandler':
../src/lw_usb/MAX3421E.c:362:14: warning: variable 'GPINIRQ' set but not used [-Wunused-but-set-variable]
  362 |         BYTE GPINIRQ;
      |              ^~~~~~~
'Finished building: ../src/lw_usb/MAX3421E.c'
' '
'Building file: ../src/lw_usb/transfer.c'
'Invoking: MicroBlaze gcc compiler'
mb-gcc -Wall -O0 -g3 -c -fmessage-length=0 -MT"src/lw_usb/transfer.o" -IC:/Users/yunxuan5/lab6_1/workspace_2/mb_usb_hdmi_top/export/mb_usb_hdmi_top/sw/mb_usb_hdmi_top/standalone_microblaze_0/bspinclude/include -mlittle-endian -mcpu=v11.0 -mxl-soft-mul -Wl,--no-relax -ffunction-sections -fdata-sections -MMD -MP -MF"src/lw_usb/transfer.d" -MT"src/lw_usb/transfer.o" -o "src/lw_usb/transfer.o" "../src/lw_usb/transfer.c"
../src/lw_usb/transfer.c:13:1: warning: braces around scalar initializer
   13 | EP_RECORD dev0ep = {{ 0 }};         //Endpoint data structure for uninitialized device during enumeration
      | ^~~~~~~~~
../src/lw_usb/transfer.c:13:1: note: (near initialization for 'dev0ep.epAddr')
../src/lw_usb/transfer.c: In function 'XferInTransfer':
../src/lw_usb/transfer.c:199:7: warning: unused variable 'tmpbyte' [-Wunused-variable]
  199 |  BYTE tmpbyte;
      |       ^~~~~~~
../src/lw_usb/transfer.c:198:7: warning: unused variable 'i' [-Wunused-variable]
  198 |  BYTE i;
      |       ^
'Finished building: ../src/lw_usb/transfer.c'
' '
'Building file: ../src/lw_usb_main.c'
'Invoking: MicroBlaze gcc compiler'
mb-gcc -Wall -O0 -g3 -c -fmessage-length=0 -MT"src/lw_usb_main.o" -IC:/Users/yunxuan5/lab6_1/workspace_2/mb_usb_hdmi_top/export/mb_usb_hdmi_top/sw/mb_usb_hdmi_top/standalone_microblaze_0/bspinclude/include -mlittle-endian -mcpu=v11.0 -mxl-soft-mul -Wl,--no-relax -ffunction-sections -fdata-sections -MMD -MP -MF"src/lw_usb_main.d" -MT"src/lw_usb_main.o" -o "src/lw_usb_main.o" "../src/lw_usb_main.c"
'Finished building: ../src/lw_usb_main.c'
' '
'Building file: ../src/platform.c'
'Invoking: MicroBlaze gcc compiler'
mb-gcc -Wall -O0 -g3 -c -fmessage-length=0 -MT"src/platform.o" -IC:/Users/yunxuan5/lab6_1/workspace_2/mb_usb_hdmi_top/export/mb_usb_hdmi_top/sw/mb_usb_hdmi_top/standalone_microblaze_0/bspinclude/include -mlittle-endian -mcpu=v11.0 -mxl-soft-mul -Wl,--no-relax -ffunction-sections -fdata-sections -MMD -MP -MF"src/platform.d" -MT"src/platform.o" -o "src/platform.o" "../src/platform.c"
'Finished building: ../src/platform.c'
' '
'Building target: mb_usb.elf'
'Invoking: MicroBlaze gcc linker'
mb-gcc -Wl,-T -Wl,../src/lscript.ld -LC:/Users/yunxuan5/lab6_1/workspace_2/mb_usb_hdmi_top/export/mb_usb_hdmi_top/sw/mb_usb_hdmi_top/standalone_microblaze_0/bsplib/lib -mlittle-endian -mcpu=v11.0 -mxl-soft-mul -Wl,--no-relax -Wl,--gc-sections -o "mb_usb.elf"  ./src/lw_usb/HID.o ./src/lw_usb/MAX3421E.o ./src/lw_usb/transfer.o  ./src/lw_usb_main.o ./src/platform.o   -Wl,--start-group,-lxil,-lgcc,-lc,--end-group
'Finished building target: mb_usb.elf'
' '
'Invoking: MicroBlaze Print Size'
mb-size mb_usb.elf  |tee "mb_usb.elf.size"
   text	   data	    bss	    dec	    hex	filename
  26240	    488	   3672	  30400	   76c0	mb_usb.elf
'Finished building: mb_usb.elf.size'
' '
20:18:21 **** Incremental Build of configuration Debug for project mb_usb_system ****
make all 
Skipping SD card image generation. Reason: "The system project only has applications for microblaze processors."
20:34:34 **** Incremental Build of project mb_usb_hdmi_top ****
buildplatform.bat 57724 mb_usb_hdmi_top no_domain_build 
xsct% XSDB Server Channel: tcfchan#24
C:/Xilinx/Vitis/2022.2/gnu/microblaze/nt
Building the BSP Library for domain  - standalone_microblaze_0 on processor microblaze_0
make --no-print-directory seq_libs

'Finished building libraries sequentially.'

make -j 2 --no-print-directory par_libs

"Running Make include in microblaze_0/libsrc/bram_v4_8/src"

make -C microblaze_0/libsrc/bram_v4_8/src -s include  "SHELL=CMD" "COMPILER=mb-gcc" "ASSEMBLER=mb-as" "ARCHIVER=mb-ar" "COMPILE
R_FLAGS=  -O2 -c -mcpu=v11.0 -mlittle-endian -mxl-soft-mul" "EXTRA_COMPILER_FLAGS=-g -ffunction-sections -fdata-sections -Wall 
-Wextra -fno-tree-loop-distribute-patterns"

"Running Make include in microblaze_0/libsrc/cpu_v2_16/src"

make -C microblaze_0/libsrc/cpu_v2_16/src -s include  "SHELL=CMD" "COMPILER=mb-gcc" "ASSEMBLER=mb-as" "ARCHIVER=mb-ar" "COMPILE
R_FLAGS=  -O2 -c -mcpu=v11.0 -mlittle-endian -mxl-soft-mul" "EXTRA_COMPILER_FLAGS=-g -ffunction-sections -fdata-sections -Wall 
-Wextra -fno-tree-loop-distribute-patterns"

"Running Make include in microblaze_0/libsrc/gpio_v4_9/src"

make -C microblaze_0/libsrc/gpio_v4_9/src -s include  "SHELL=CMD" "COMPILER=mb-gcc" "ASSEMBLER=mb-as" "ARCHIVER=mb-ar" "COMPILE
R_FLAGS=  -O2 -c -mcpu=v11.0 -mlittle-endian -mxl-soft-mul" "EXTRA_COMPILER_FLAGS=-g -ffunction-sections -fdata-sections -Wall 
-Wextra -fno-tree-loop-distribute-patterns"

"Running Make include in microblaze_0/libsrc/intc_v3_15/src"

make -C microblaze_0/libsrc/intc_v3_15/src -s include  "SHELL=CMD" "COMPILER=mb-gcc" "ASSEMBLER=mb-as" "ARCHIVER=mb-ar" "COMPIL
ER_FLAGS=  -O2 -c -mcpu=v11.0 -mlittle-endian -mxl-soft-mul" "EXTRA_COMPILER_FLAGS=-g -ffunction-sections -fdata-sections -Wall
 -Wextra -fno-tree-loop-distribute-patterns"

"Running Make include in microblaze_0/libsrc/spi_v4_9/src"

make -C microblaze_0/libsrc/spi_v4_9/src -s include  "SHELL=CMD" "COMPILER=mb-gcc" "ASSEMBLER=mb-as" "ARCHIVER=mb-ar" "COMPILER
_FLAGS=  -O2 -c -mcpu=v11.0 -mlittle-endian -mxl-soft-mul" "EXTRA_COMPILER_FLAGS=-g -ffunction-sections -fdata-sections -Wall -
Wextra -fno-tree-loop-distribute-patterns"

"Running Make include in microblaze_0/libsrc/standalone_v8_0/src"

make -C microblaze_0/libsrc/standalone_v8_0/src -s include  "SHELL=CMD" "COMPILER=mb-gcc" "ASSEMBLER=mb-as" "ARCHIVER=mb-ar" "C
OMPILER_FLAGS=  -O2 -c -mcpu=v11.0 -mlittle-endian -mxl-soft-mul" "EXTRA_COMPILER_FLAGS=-g -ffunction-sections -fdata-sections 
-Wall -Wextra -fno-tree-loop-distribute-patterns"

"Running Make include in microblaze_0/libsrc/tmrctr_v4_9/src"

make -C microblaze_0/libsrc/tmrctr_v4_9/src -s include  "SHELL=CMD" "COMPILER=mb-gcc" "ASSEMBLER=mb-as" "ARCHIVER=mb-ar" "COMPI
LER_FLAGS=  -O2 -c -mcpu=v11.0 -mlittle-endian -mxl-soft-mul" "EXTRA_COMPILER_FLAGS=-g -ffunction-sections -fdata-sections -Wal
l -Wextra -fno-tree-loop-distribute-patterns"

"Running Make include in microblaze_0/libsrc/uartlite_v3_7/src"

make -C microblaze_0/libsrc/uartlite_v3_7/src -s include  "SHELL=CMD" "COMPILER=mb-gcc" "ASSEMBLER=mb-as" "ARCHIVER=mb-ar" "COM
PILER_FLAGS=  -O2 -c -mcpu=v11.0 -mlittle-endian -mxl-soft-mul" "EXTRA_COMPILER_FLAGS=-g -ffunction-sections -fdata-sections -W
all -Wextra -fno-tree-loop-distribute-patterns"

"Running Make libs in microblaze_0/libsrc/bram_v4_8/src"

make -C microblaze_0/libsrc/bram_v4_8/src -s libs  "SHELL=CMD" "COMPILER=mb-gcc" "ASSEMBLER=mb-as" "ARCHIVER=mb-ar" "COMPILER_F
LAGS=  -O2 -c -mcpu=v11.0 -mlittle-endian -mxl-soft-mul" "EXTRA_COMPILER_FLAGS=-g -ffunction-sections -fdata-sections -Wall -We
xtra -fno-tree-loop-distribute-patterns"

"Running Make libs in microblaze_0/libsrc/cpu_v2_16/src"

make -C microblaze_0/libsrc/cpu_v2_16/src -s libs  "SHELL=CMD" "COMPILER=mb-gcc" "ASSEMBLER=mb-as" "ARCHIVER=mb-ar" "COMPILER_F
LAGS=  -O2 -c -mcpu=v11.0 -mlittle-endian -mxl-soft-mul" "EXTRA_COMPILER_FLAGS=-g -ffunction-sections -fdata-sections -Wall -We
xtra -fno-tree-loop-distribute-patterns"

"Running Make libs in microblaze_0/libsrc/gpio_v4_9/src"

make -C microblaze_0/libsrc/gpio_v4_9/src -s libs  "SHELL=CMD" "COMPILER=mb-gcc" "ASSEMBLER=mb-as" "ARCHIVER=mb-ar" "COMPILER_F
LAGS=  -O2 -c -mcpu=v11.0 -mlittle-endian -mxl-soft-mul" "EXTRA_COMPILER_FLAGS=-g -ffunction-sections -fdata-sections -Wall -We
xtra -fno-tree-loop-distribute-patterns"

"Running Make libs in microblaze_0/libsrc/intc_v3_15/src"

make -C microblaze_0/libsrc/intc_v3_15/src -s libs  "SHELL=CMD" "COMPILER=mb-gcc" "ASSEMBLER=mb-as" "ARCHIVER=mb-ar" "COMPILER_
FLAGS=  -O2 -c -mcpu=v11.0 -mlittle-endian -mxl-soft-mul" "EXTRA_COMPILER_FLAGS=-g -ffunction-sections -fdata-sections -Wall -W
extra -fno-tree-loop-distribute-patterns"

"Running Make libs in microblaze_0/libsrc/spi_v4_9/src"

make -C microblaze_0/libsrc/spi_v4_9/src -s libs  "SHELL=CMD" "COMPILER=mb-gcc" "ASSEMBLER=mb-as" "ARCHIVER=mb-ar" "COMPILER_FL
AGS=  -O2 -c -mcpu=v11.0 -mlittle-endian -mxl-soft-mul" "EXTRA_COMPILER_FLAGS=-g -ffunction-sections -fdata-sections -Wall -Wex
tra -fno-tree-loop-distribute-patterns"

"Running Make libs in microblaze_0/libsrc/standalone_v8_0/src"

make -C microblaze_0/libsrc/standalone_v8_0/src -s libs  "SHELL=CMD" "COMPILER=mb-gcc" "ASSEMBLER=mb-as" "ARCHIVER=mb-ar" "COMP
ILER_FLAGS=  -O2 -c -mcpu=v11.0 -mlittle-endian -mxl-soft-mul" "EXTRA_COMPILER_FLAGS=-g -ffunction-sections -fdata-sections -Wa
ll -Wextra -fno-tree-loop-distribute-patterns"

"Running Make libs in microblaze_0/libsrc/tmrctr_v4_9/src"

make -C microblaze_0/libsrc/tmrctr_v4_9/src -s libs  "SHELL=CMD" "COMPILER=mb-gcc" "ASSEMBLER=mb-as" "ARCHIVER=mb-ar" "COMPILER
_FLAGS=  -O2 -c -mcpu=v11.0 -mlittle-endian -mxl-soft-mul" "EXTRA_COMPILER_FLAGS=-g -ffunction-sections -fdata-sections -Wall -
Wextra -fno-tree-loop-distribute-patterns"

"Running Make libs in microblaze_0/libsrc/uartlite_v3_7/src"

make -C microblaze_0/libsrc/uartlite_v3_7/src -s libs  "SHELL=CMD" "COMPILER=mb-gcc" "ASSEMBLER=mb-as" "ARCHIVER=mb-ar" "COMPIL
ER_FLAGS=  -O2 -c -mcpu=v11.0 -mlittle-endian -mxl-soft-mul" "EXTRA_COMPILER_FLAGS=-g -ffunction-sections -fdata-sections -Wall
 -Wextra -fno-tree-loop-distribute-patterns"

microblaze_sleep.c:81:9: note: '#pragma message: For the sleep routines, assembly instructions are used'
   81 | #pragma message ("For the sleep routines, assembly instructions are used")
      |         ^~~~~~~
"DEBUG NON_LTO_OBJECTS is ../../../lib/microblaze_interrupt_handler.o"

'Finished building libraries parallelly.'

make --no-print-directory archive

mb-ar -r  microblaze_0/lib/libxil.a microblaze_0/lib/_exit.o microblaze_0/lib/errno.o microblaze_0/lib/fcntl.o microblaze_0/lib
/hw_exception_handler.o microblaze_0/lib/inbyte.o microblaze_0/lib/microblaze_disable_dcache.o microblaze_0/lib/microblaze_disa
ble_exceptions.o microblaze_0/lib/microblaze_disable_icache.o microblaze_0/lib/microblaze_disable_interrupts.o microblaze_0/lib
/microblaze_enable_dcache.o microblaze_0/lib/microblaze_enable_exceptions.o microblaze_0/lib/microblaze_enable_icache.o microbl
aze_0/lib/microblaze_enable_interrupts.o microblaze_0/lib/microblaze_exception_handler.o microblaze_0/lib/microblaze_flush_cach
e_ext.o microblaze_0/lib/microblaze_flush_cache_ext_range.o microblaze_0/lib/microblaze_flush_dcache.o microblaze_0/lib/microbl
aze_flush_dcache_range.o microblaze_0/lib/microblaze_init_dcache_range.o microblaze_0/lib/microblaze_init_icache_range.o microb
laze_0/lib/microblaze_interrupt_handler.o microblaze_0/lib/microblaze_interrupts_g.o microblaze_0/lib/microblaze_invalidate_cac
he_ext.o microblaze_0/lib/microblaze_invalidate_cache_ext_range.o microblaze_0/lib/microblaze_invalidate_dcache.o microblaze_0/
lib/microblaze_invalidate_dcache_range.o microblaze_0/lib/microblaze_invalidate_icache.o microblaze_0/lib/microblaze_invalidate
_icache_range.o microblaze_0/lib/microblaze_scrub.o microblaze_0/lib/microblaze_selftest.o microblaze_0/lib/microblaze_sleep.o 
microblaze_0/lib/microblaze_update_dcache.o microblaze_0/lib/microblaze_update_icache.o microblaze_0/lib/outbyte.o microblaze_0
/lib/print.o microblaze_0/lib/pvr.o microblaze_0/lib/xbram.o microblaze_0/lib/xbram_g.o microblaze_0/lib/xbram_intr.o microblaz
e_0/lib/xbram_selftest.o microblaze_0/lib/xbram_sinit.o microblaze_0/lib/xgpio.o microblaze_0/lib/xgpio_extra.o microblaze_0/li
b/xgpio_g.o microblaze_0/lib/xgpio_intr.o microblaze_0/lib/xgpio_selftest.o microblaze_0/lib/xgpio_sinit.o microblaze_0/lib/xil
_assert.o microblaze_0/lib/xil_cache.o microblaze_0/lib/xil_clocking.o microblaze_0/lib/xil_exception.o microblaze_0/lib/xil_me
m.o microblaze_0/lib/xil_misc_psreset_api.o microblaze_0/lib/xil_printf.o microblaze_0/lib/xil_sleepcommon.o microblaze_0/lib/x
il_testcache.o microblaze_0/lib/xil_testio.o microblaze_0/lib/xil_testmem.o microblaze_0/lib/xil_util.o microblaze_0/lib/xintc.
o microblaze_0/lib/xintc_g.o microblaze_0/lib/xintc_intr.o microblaze_0/lib/xintc_l.o microblaze_0/lib/xintc_options.o microbla
ze_0/lib/xintc_selftest.o microblaze_0/lib/xinterrupt_wrap.o microblaze_0/lib/xio.o microblaze_0/lib/xplatform_info.o microblaz
e_0/lib/xspi.o microblaze_0/lib/xspi_g.o microblaze_0/lib/xspi_options.o microblaze_0/lib/xspi_selftest.o microblaze_0/lib/xspi
_sinit.o microblaze_0/lib/xspi_stats.o microblaze_0/lib/xtmrctr.o microblaze_0/lib/xtmrctr_g.o microblaze_0/lib/xtmrctr_intr.o 
microblaze_0/lib/xtmrctr_l.o microblaze_0/lib/xtmrctr_options.o microblaze_0/lib/xtmrctr_selftest.o microblaze_0/lib/xtmrctr_si
nit.o microblaze_0/lib/xtmrctr_stats.o microblaze_0/lib/xuartlite.o microblaze_0/lib/xuartlite_g.o microblaze_0/lib/xuartlite_i
ntr.o microblaze_0/lib/xuartlite_l.o microblaze_0/lib/xuartlite_selftest.o microblaze_0/lib/xuartlite_sinit.o microblaze_0/lib/
xuartlite_stats.o

mb-ar: creating microblaze_0/lib/libxil.a
'Finished building libraries'

20:34:51 **** Incremental Build of configuration Debug for project mb_usb ****
make all 
'Building file: ../src/lw_usb/MAX3421E.c'
'Invoking: MicroBlaze gcc compiler'
mb-gcc -Wall -O0 -g3 -c -fmessage-length=0 -MT"src/lw_usb/MAX3421E.o" -IC:/Users/yunxuan5/lab6_1/workspace_2/mb_usb_hdmi_top/export/mb_usb_hdmi_top/sw/mb_usb_hdmi_top/standalone_microblaze_0/bspinclude/include -mlittle-endian -mcpu=v11.0 -mxl-soft-mul -Wl,--no-relax -ffunction-sections -fdata-sections -MMD -MP -MF"src/lw_usb/MAX3421E.d" -MT"src/lw_usb/MAX3421E.o" -o "src/lw_usb/MAX3421E.o" "../src/lw_usb/MAX3421E.c"
In file included from C:/Users/yunxuan5/lab6_1/workspace_2/mb_usb_hdmi_top/export/mb_usb_hdmi_top/sw/mb_usb_hdmi_top/standalone_microblaze_0/bspinclude/include/xspi.h:303,
                 from ../src/lw_usb/MAX3421E.c:14:
../src/lw_usb/MAX3421E.c: In function 'SPI_init':
C:/Users/yunxuan5/lab6_1/workspace_2/mb_usb_hdmi_top/export/mb_usb_hdmi_top/sw/mb_usb_hdmi_top/standalone_microblaze_0/bspinclude/include/xstatus.h:44:41: warning: 'return' with a value, in function returning void [-Wreturn-type]
   44 | #define XST_DEVICE_NOT_FOUND            2L
      |                                         ^~
../src/lw_usb/MAX3421E.c:39:24: note: in expansion of macro 'XST_DEVICE_NOT_FOUND'
   39 |                 return XST_DEVICE_NOT_FOUND;
      |                        ^~~~~~~~~~~~~~~~~~~~
../src/lw_usb/MAX3421E.c:33:6: note: declared here
   33 | void SPI_init() {
      |      ^~~~~~~~
In file included from C:/Users/yunxuan5/lab6_1/workspace_2/mb_usb_hdmi_top/export/mb_usb_hdmi_top/sw/mb_usb_hdmi_top/standalone_microblaze_0/bspinclude/include/xspi.h:303,
                 from ../src/lw_usb/MAX3421E.c:14:
C:/Users/yunxuan5/lab6_1/workspace_2/mb_usb_hdmi_top/export/mb_usb_hdmi_top/sw/mb_usb_hdmi_top/standalone_microblaze_0/bspinclude/include/xstatus.h:43:41: warning: 'return' with a value, in function returning void [-Wreturn-type]
   43 | #define XST_FAILURE                     1L
      |                                         ^~
../src/lw_usb/MAX3421E.c:45:24: note: in expansion of macro 'XST_FAILURE'
   45 |                 return XST_FAILURE;
      |                        ^~~~~~~~~~~
../src/lw_usb/MAX3421E.c:33:6: note: declared here
   33 | void SPI_init() {
      |      ^~~~~~~~
../src/lw_usb/MAX3421E.c: In function 'MAX3421E_Task':
../src/lw_usb/MAX3421E.c:326:46: warning: suggest parentheses around comparison in operand of '&' [-Wparentheses]
  326 |         if (XGpio_DiscreteRead(&Gpio_int, 1) & 0x01 == 0) {
      |                                              ^
../src/lw_usb/MAX3421E.c: In function 'MaxGpxHandler':
../src/lw_usb/MAX3421E.c:362:14: warning: variable 'GPINIRQ' set but not used [-Wunused-but-set-variable]
  362 |         BYTE GPINIRQ;
      |              ^~~~~~~
'Finished building: ../src/lw_usb/MAX3421E.c'
' '
'Building file: ../src/lw_usb/transfer.c'
'Invoking: MicroBlaze gcc compiler'
mb-gcc -Wall -O0 -g3 -c -fmessage-length=0 -MT"src/lw_usb/transfer.o" -IC:/Users/yunxuan5/lab6_1/workspace_2/mb_usb_hdmi_top/export/mb_usb_hdmi_top/sw/mb_usb_hdmi_top/standalone_microblaze_0/bspinclude/include -mlittle-endian -mcpu=v11.0 -mxl-soft-mul -Wl,--no-relax -ffunction-sections -fdata-sections -MMD -MP -MF"src/lw_usb/transfer.d" -MT"src/lw_usb/transfer.o" -o "src/lw_usb/transfer.o" "../src/lw_usb/transfer.c"
../src/lw_usb/transfer.c:13:1: warning: braces around scalar initializer
   13 | EP_RECORD dev0ep = {{ 0 }};         //Endpoint data structure for uninitialized device during enumeration
      | ^~~~~~~~~
../src/lw_usb/transfer.c:13:1: note: (near initialization for 'dev0ep.epAddr')
../src/lw_usb/transfer.c: In function 'XferInTransfer':
../src/lw_usb/transfer.c:199:7: warning: unused variable 'tmpbyte' [-Wunused-variable]
  199 |  BYTE tmpbyte;
      |       ^~~~~~~
../src/lw_usb/transfer.c:198:7: warning: unused variable 'i' [-Wunused-variable]
  198 |  BYTE i;
      |       ^
'Finished building: ../src/lw_usb/transfer.c'
' '
'Building file: ../src/lw_usb_main.c'
'Invoking: MicroBlaze gcc compiler'
mb-gcc -Wall -O0 -g3 -c -fmessage-length=0 -MT"src/lw_usb_main.o" -IC:/Users/yunxuan5/lab6_1/workspace_2/mb_usb_hdmi_top/export/mb_usb_hdmi_top/sw/mb_usb_hdmi_top/standalone_microblaze_0/bspinclude/include -mlittle-endian -mcpu=v11.0 -mxl-soft-mul -Wl,--no-relax -ffunction-sections -fdata-sections -MMD -MP -MF"src/lw_usb_main.d" -MT"src/lw_usb_main.o" -o "src/lw_usb_main.o" "../src/lw_usb_main.c"
'Finished building: ../src/lw_usb_main.c'
' '
'Building file: ../src/platform.c'
'Invoking: MicroBlaze gcc compiler'
mb-gcc -Wall -O0 -g3 -c -fmessage-length=0 -MT"src/platform.o" -IC:/Users/yunxuan5/lab6_1/workspace_2/mb_usb_hdmi_top/export/mb_usb_hdmi_top/sw/mb_usb_hdmi_top/standalone_microblaze_0/bspinclude/include -mlittle-endian -mcpu=v11.0 -mxl-soft-mul -Wl,--no-relax -ffunction-sections -fdata-sections -MMD -MP -MF"src/platform.d" -MT"src/platform.o" -o "src/platform.o" "../src/platform.c"
'Finished building: ../src/platform.c'
' '
'Building target: mb_usb.elf'
'Invoking: MicroBlaze gcc linker'
mb-gcc -Wl,-T -Wl,../src/lscript.ld -LC:/Users/yunxuan5/lab6_1/workspace_2/mb_usb_hdmi_top/export/mb_usb_hdmi_top/sw/mb_usb_hdmi_top/standalone_microblaze_0/bsplib/lib -mlittle-endian -mcpu=v11.0 -mxl-soft-mul -Wl,--no-relax -Wl,--gc-sections -o "mb_usb.elf"  ./src/lw_usb/HID.o ./src/lw_usb/MAX3421E.o ./src/lw_usb/transfer.o  ./src/lw_usb_main.o ./src/platform.o   -Wl,--start-group,-lxil,-lgcc,-lc,--end-group
'Finished building target: mb_usb.elf'
' '
'Invoking: MicroBlaze Print Size'
mb-size mb_usb.elf  |tee "mb_usb.elf.size"
   text	   data	    bss	    dec	    hex	filename
  26240	    488	   3672	  30400	   76c0	mb_usb.elf
'Finished building: mb_usb.elf.size'
' '
20:34:54 **** Incremental Build of configuration Debug for project mb_usb_system ****
make all 
Skipping SD card image generation. Reason: "The system project only has applications for microblaze processors."
